ct: (8055, 100, 100, 3), COVID=5427, non-COVID=2628 | device CPU
[fold 0] paper CNN
  ep   1/50 loss 0.5381 acc 0.7138 | val 0.3489 0.8055 | 43s
  ep   2/50 loss 0.3949 acc 0.7917 | val 0.3266 0.8234 | 42s
  ep   3/50 loss 0.3632 acc 0.8015 | val 0.2929 0.8524 | 42s
  ep   4/50 loss 0.3293 acc 0.8294 | val 0.2659 0.8414 | 41s
  ep   5/50 loss 0.3180 acc 0.8354 | val 0.2540 0.8579 | 42s
  ep   6/50 loss 0.2939 acc 0.8421 | val 0.2525 0.8634 | 41s
  ep   7/50 loss 0.2785 acc 0.8533 | val 0.2382 0.8607 | 42s
  ep   8/50 loss 0.2586 acc 0.8729 | val 0.2313 0.8759 | 42s
  ep   9/50 loss 0.2438 acc 0.8798 | val 0.2680 0.8690 | 41s
  ep  10/50 loss 0.2470 acc 0.8811 | val 0.2729 0.8621 | 41s
  ep  11/50 loss 0.2311 acc 0.8811 | val 0.2038 0.9034 | 41s
  ep  12/50 loss 0.2155 acc 0.8961 | val 0.1996 0.9131 | 41s
  ep  13/50 loss 0.2270 acc 0.8867 | val 0.2535 0.8648 | 42s
  ep  14/50 loss 0.2235 acc 0.8852 | val 0.2335 0.8745 | 42s
  ep  15/50 loss 0.2133 acc 0.8987 | val 0.1926 0.9117 | 43s
  ep  16/50 loss 0.2163 acc 0.8913 | val 0.1955 0.8993 | 41s
  ep  17/50 loss 0.2017 acc 0.9033 | val 0.2261 0.8938 | 41s
  ep  18/50 loss 0.2002 acc 0.9007 | val 0.2063 0.8828 | 41s
  ep  19/50 loss 0.1847 acc 0.9158 | val 0.2003 0.9076 | 41s
  ep  20/50 loss 0.1880 acc 0.9102 | val 0.1945 0.9021 | 41s
  ep  21/50 loss 0.1805 acc 0.9135 | val 0.1912 0.9076 | 41s
  ep  22/50 loss 0.1751 acc 0.9185 | val 0.2048 0.9076 | 42s
  ep  23/50 loss 0.1646 acc 0.9257 | val 0.1712 0.9393 | 41s
  ep  24/50 loss 0.1538 acc 0.9300 | val 0.2101 0.8966 | 41s
  ep  25/50 loss 0.1637 acc 0.9227 | val 0.2209 0.8952 | 42s
  ep  26/50 loss 0.1609 acc 0.9229 | val 0.1598 0.9393 | 41s
  ep  27/50 loss 0.1414 acc 0.9384 | val 0.1584 0.9310 | 39s
  ep  28/50 loss 0.1529 acc 0.9350 | val 0.1985 0.9103 | 40s
  ep  29/50 loss 0.1250 acc 0.9425 | val 0.1734 0.9297 | 36s
  ep  30/50 loss 0.1244 acc 0.9422 | val 0.1875 0.9297 | 34s
  ep  31/50 loss 0.1368 acc 0.9447 | val 0.1537 0.9241 | 34s
  ep  32/50 loss 0.1072 acc 0.9548 | val 0.1504 0.9352 | 34s
  ep  33/50 loss 0.1089 acc 0.9536 | val 0.1441 0.9324 | 34s
  ep  34/50 loss 0.1175 acc 0.9474 | val 0.1674 0.9366 | 34s
  ep  35/50 loss 0.1063 acc 0.9516 | val 0.1488 0.9407 | 34s
  ep  36/50 loss 0.1168 acc 0.9517 | val 0.1764 0.9379 | 34s
  ep  37/50 loss 0.0951 acc 0.9603 | val 0.2085 0.9186 | 34s
  ep  38/50 loss 0.1042 acc 0.9555 | val 0.2438 0.9103 | 34s
  ep  39/50 loss 0.1306 acc 0.9418 | val 0.1631 0.9283 | 34s
  ep  40/50 loss 0.0868 acc 0.9635 | val 0.2079 0.9366 | 34s
  ep  41/50 loss 0.0824 acc 0.9644 | val 0.1815 0.9379 | 34s
  ep  42/50 loss 0.0877 acc 0.9660 | val 0.1540 0.9283 | 34s
  ep  43/50 loss 0.0918 acc 0.9635 | val 0.2144 0.9172 | 34s
  ep  44/50 loss 0.1298 acc 0.9465 | val 0.2371 0.9103 | 34s
  ep  45/50 loss 0.0834 acc 0.9638 | val 0.1684 0.9324 | 34s
  early stop
  hybrid ML on paper-CNN features
[fold 0] CovidNet-Plus
  ep   1/30 loss 0.4477 acc 0.7972 | val 0.2777 0.8455 | 33s
  ep   2/30 loss 0.3724 acc 0.8533 | val 0.3064 0.8193 | 33s
  ep   3/30 loss 0.3615 acc 0.8679 | val 0.2591 0.9117 | 32s
  ep   4/30 loss 0.3466 acc 0.8765 | val 1.1374 0.4648 | 32s
  ep   5/30 loss 0.3431 acc 0.8775 | val 0.4240 0.8124 | 33s
